{"level":"error","now":"2026-06-05T21:01:42+05:30","caller":"heartbeat/heartbeat.go:42","func":"github.com/wakatime/wakatime-cli/cmd/heartbeat.Run","message":"sending heartbeats failed: failed to load API parameters: invalid api key format","version":"v2.15.0","os/arch":"linux/amd64"}
{"level":"warn","now":"2026-06-05T21:04:18+05:30","caller":"backoff/backoff.go:59","func":"github.com/wakatime/wakatime-cli/cmd/heartbeat.buildHandle.WithBackoff.func3.1","message":"failed to update backoff settings: failed to parse config file: failed creating file: open /home/cipheroot/.wakatime/wakatime-internal.cfg: no such file or directory","version":"v2.15.0","os/arch":"linux/amd64","file":"/home/cipheroot/allcode/saas/vscode-axiode/src/wakatime.ts","time":1780673538.587065,"file":"/home/cipheroot/allcode/saas/vscode-axiode/src/wakatime.ts","time":1780673538.587065}
